// Jest Snapshot v1, https://goo.gl/fbAQLP

exports[`matches snapshot 1`] = `
<DocumentFragment>
  <div
    class="CompanyCard card"
  >
    <a
      href="/companies/undefined"
    >
      <div
        class="card-body"
      >
        <div
          class="CompanyCard-title"
        >
          <div
            class="card-title h5"
          />
          <img
            alt="logo"
            height="25px"
          />
        </div>
        <p
          class="card-text"
        />
      </div>
    </a>
  </div>
</DocumentFragment>
`;
